
> portfolio@0.1.0 build
> next build

   ▲ Next.js 16.0.8 (Turbopack)
   - Environments: .env

   Creating an optimized production build ...
 ✓ Compiled successfully in 5.7s
   Running TypeScript ...
   Collecting page data using 11 workers ...
   Generating static pages using 11 workers (0/9) ...
   Generating static pages using 11 workers (2/9) 
   Generating static pages using 11 workers (4/9) 
   Generating static pages using 11 workers (6/9) 
Error fetching GitHub repo data: Error: GitHub API error: 401
    at td (C:\Users\wtrho\rhodeshub\apps\portfolio\.next\server\chunks\[root-of-the-server]__8880da8d._.js:19:12276)
 ✓ Generating static pages using 11 workers (9/9) in 1117.9ms
   Finalizing page optimization ...

Route (app)
┌ ○ /
├ ○ /_not-found
├ ○ /about
├ ○ /ai-demo
├ ƒ /api/github/now-building
├ ○ /contact
├ ○ /experience
└ ○ /projects


○  (Static)   prerendered as static content
ƒ  (Dynamic)  server-rendered on demand

